[     579ms] [ERROR] Error: <svg> attribute viewBox: Expected number, "{{ vb }}". @ http://localhost:8777/Range%20Shift%20-%20Urocissa%20ornata.dc.html:99
[     581ms] [ERROR] Error: <line> attribute x1: Expected length, "{{ m.xa }}". @ http://localhost:8777/Range%20Shift%20-%20Urocissa%20ornata.dc.html:102
[     581ms] [ERROR] Error: <line> attribute y1: Expected length, "{{ m.y }}". @ http://localhost:8777/Range%20Shift%20-%20Urocissa%20ornata.dc.html:102
[     581ms] [ERROR] Error: <line> attribute x2: Expected length, "{{ m.xb }}". @ http://localhost:8777/Range%20Shift%20-%20Urocissa%20ornata.dc.html:102
[     581ms] [ERROR] Error: <line> attribute y2: Expected length, "{{ m.y }}". @ http://localhost:8777/Range%20Shift%20-%20Urocissa%20ornata.dc.html:102
[     581ms] [ERROR] Error: <line> attribute x1: Expected length, "{{ m.x }}". @ http://localhost:8777/Range%20Shift%20-%20Urocissa%20ornata.dc.html:103
[     581ms] [ERROR] Error: <line> attribute y1: Expected length, "{{ m.ya }}". @ http://localhost:8777/Range%20Shift%20-%20Urocissa%20ornata.dc.html:103
[     581ms] [ERROR] Error: <line> attribute x2: Expected length, "{{ m.x }}". @ http://localhost:8777/Range%20Shift%20-%20Urocissa%20ornata.dc.html:103
[     581ms] [ERROR] Error: <line> attribute y2: Expected length, "{{ m.yb }}". @ http://localhost:8777/Range%20Shift%20-%20Urocissa%20ornata.dc.html:103
[     581ms] [ERROR] Error: <svg> attribute viewBox: Expected number, "{{ vb }}". @ http://localhost:8777/Range%20Shift%20-%20Urocissa%20ornata.dc.html:250
[     581ms] [ERROR] Error: <rect> attribute x: Expected length, "{{ insetRect.x }…". @ http://localhost:8777/Range%20Shift%20-%20Urocissa%20ornata.dc.html:251
[     582ms] [ERROR] Error: <rect> attribute y: Expected length, "{{ insetRect.y }…". @ http://localhost:8777/Range%20Shift%20-%20Urocissa%20ornata.dc.html:251
[     582ms] [ERROR] Error: <rect> attribute width: Expected length, "{{ insetRect.w }…". @ http://localhost:8777/Range%20Shift%20-%20Urocissa%20ornata.dc.html:251
[     582ms] [ERROR] Error: <rect> attribute height: Expected length, "{{ insetRect.h }…". @ http://localhost:8777/Range%20Shift%20-%20Urocissa%20ornata.dc.html:251
[     582ms] [ERROR] Error: <line> attribute x1: Expected length, "{{ g.x1 }}". @ http://localhost:8777/Range%20Shift%20-%20Urocissa%20ornata.dc.html:265
[     582ms] [ERROR] Error: <line> attribute y1: Expected length, "{{ g.y1 }}". @ http://localhost:8777/Range%20Shift%20-%20Urocissa%20ornata.dc.html:265
[     582ms] [ERROR] Error: <line> attribute x2: Expected length, "{{ g.x2 }}". @ http://localhost:8777/Range%20Shift%20-%20Urocissa%20ornata.dc.html:265
[     582ms] [ERROR] Error: <line> attribute y2: Expected length, "{{ g.y2 }}". @ http://localhost:8777/Range%20Shift%20-%20Urocissa%20ornata.dc.html:265
[     582ms] [ERROR] Error: <path> attribute d: Expected moveto path command ('M' or 'm'), "{{ trailPath }}". @ http://localhost:8777/Range%20Shift%20-%20Urocissa%20ornata.dc.html:267
[     582ms] [ERROR] Error: <circle> attribute cx: Expected length, "{{ c.x }}". @ http://localhost:8777/Range%20Shift%20-%20Urocissa%20ornata.dc.html:270
[     582ms] [ERROR] Error: <circle> attribute cy: Expected length, "{{ c.y }}". @ http://localhost:8777/Range%20Shift%20-%20Urocissa%20ornata.dc.html:270
[     582ms] [ERROR] Error: <circle> attribute r: Expected length, "{{ c.r }}". @ http://localhost:8777/Range%20Shift%20-%20Urocissa%20ornata.dc.html:270
[     582ms] [ERROR] Error: <circle> attribute cx: Expected length, "{{ c.x }}". @ http://localhost:8777/Range%20Shift%20-%20Urocissa%20ornata.dc.html:271
[     582ms] [ERROR] Error: <circle> attribute cy: Expected length, "{{ c.y }}". @ http://localhost:8777/Range%20Shift%20-%20Urocissa%20ornata.dc.html:271
[    1056ms] [WARNING] [dc-runtime] Range Shift - Urocissa ornata: {{ c.label }} never resolved — rendered as empty @ http://localhost:8777/support.js:566
[    1056ms] [WARNING] [dc-runtime] Range Shift - Urocissa ornata: {{ c.n }} never resolved — rendered as empty @ http://localhost:8777/support.js:566
[    1056ms] [WARNING] [dc-runtime] Range Shift - Urocissa ornata: {{ c.dPrev }} never resolved — rendered as empty @ http://localhost:8777/support.js:566
[    1056ms] [WARNING] [dc-runtime] Range Shift - Urocissa ornata: {{ c.dFirst }} never resolved — rendered as empty @ http://localhost:8777/support.js:566
[    3200ms] [ERROR] Failed to load resource: the server responded with a status of 404 (File not found) @ http://localhost:8777/favicon.ico:0
